[INFO] Scanning for projects...
[INFO] 
[INFO] ------------------------< com.chatapp:chat-app >------------------------
[INFO] Building Chat App 4.1.1-SNAPSHOT
[INFO]   from pom.xml
[INFO] --------------------------------[ jar ]---------------------------------
[INFO] 
[INFO] --- clean:3.5.0:clean (default-clean) @ chat-app ---
[INFO] Deleting /Users/payalrathore/Desktop/Chat-app/backend/target
[INFO] 
[INFO] >>> spring-boot:4.1.1:run (default-cli) > test-compile @ chat-app >>>
[INFO] 
[INFO] --- resources:3.5.0:resources (default-resources) @ chat-app ---
[INFO] Copying 1 resource from src/main/resources to target/classes
[INFO] Copying 0 resource from src/main/resources to target/classes
[INFO] 
[INFO] --- compiler:3.15.0:compile (default-compile) @ chat-app ---
[INFO] Recompiling the module because of changed source code.
[INFO] Compiling 7 source files with javac [debug parameters release 21] to target/classes
[INFO] 
[INFO] --- resources:3.5.0:testResources (default-testResources) @ chat-app ---
[INFO] skip non existing resourceDirectory /Users/payalrathore/Desktop/Chat-app/backend/src/test/resources
[INFO] 
[INFO] --- compiler:3.15.0:testCompile (default-testCompile) @ chat-app ---
[INFO] Recompiling the module because of changed dependency.
[INFO] Compiling 1 source file with javac [debug parameters release 21] to target/test-classes
[INFO] 
[INFO] <<< spring-boot:4.1.1:run (default-cli) < test-compile @ chat-app <<<
[INFO] 
[INFO] 
[INFO] --- spring-boot:4.1.1:run (default-cli) @ chat-app ---
[INFO] Attaching agents: []

  .   ____          _            __ _ _
 /\\ / ___'_ __ _ _(_)_ __  __ _ \ \ \ \
( ( )\___ | '_ | '_| | '_ \/ _` | \ \ \ \
 \\/  ___)| |_)| | | | | || (_| |  ) ) ) )
  '  |____| .__|_| |_|_| |_\__, | / / / /
 =========|_|==============|___/=/_/_/_/

 :: Spring Boot ::                (v4.1.1)

2026-08-22T15:11:39.865+05:30  INFO 41603 --- [chat-app] [           main] com.chatapp.ChatApplication              : Starting ChatApplication using Java 21.0.12.1 with PID 41603 (/Users/payalrathore/Desktop/Chat-app/backend/target/classes started by payalrathore in /Users/payalrathore/Desktop/Chat-app/backend)
2026-08-22T15:11:39.866+05:30  INFO 41603 --- [chat-app] [           main] com.chatapp.ChatApplication              : No active profile set, falling back to 1 default profile: "default"
2026-08-22T15:11:40.109+05:30  INFO 41603 --- [chat-app] [           main] .s.d.r.c.RepositoryConfigurationDelegate : Bootstrapping Spring Data JPA repositories in DEFAULT mode.
2026-08-22T15:11:40.125+05:30  INFO 41603 --- [chat-app] [           main] .s.d.r.c.RepositoryConfigurationDelegate : Finished Spring Data repository scanning in 12 ms. Found 1 JPA repository interface.
2026-08-22T15:11:40.312+05:30  INFO 41603 --- [chat-app] [           main] o.s.boot.tomcat.TomcatWebServer          : Tomcat initialized with port 8080 (http)
2026-08-22T15:11:40.317+05:30  INFO 41603 --- [chat-app] [           main] o.apache.catalina.core.StandardService   : Starting service [Tomcat]
2026-08-22T15:11:40.317+05:30  INFO 41603 --- [chat-app] [           main] o.apache.catalina.core.StandardEngine    : Starting Servlet engine: [Apache Tomcat/11.0.24]
2026-08-22T15:11:40.338+05:30  INFO 41603 --- [chat-app] [           main] b.w.c.s.WebApplicationContextInitializer : Root WebApplicationContext: initialization completed in 452 ms
2026-08-22T15:11:40.426+05:30  INFO 41603 --- [chat-app] [           main] org.hibernate.orm.jpa                    : HHH008540: Processing PersistenceUnitInfo [name: default]
2026-08-22T15:11:40.444+05:30  INFO 41603 --- [chat-app] [           main] org.hibernate.orm.core                   : HHH000001: Hibernate ORM core version 7.4.5.Final
2026-08-22T15:11:40.579+05:30  INFO 41603 --- [chat-app] [           main] o.s.o.j.p.SpringPersistenceUnitInfo      : No LoadTimeWeaver setup: ignoring JPA class transformer
2026-08-22T15:11:40.589+05:30  INFO 41603 --- [chat-app] [           main] com.zaxxer.hikari.HikariDataSource       : HikariPool-1 - Starting...
2026-08-22T15:11:40.654+05:30  INFO 41603 --- [chat-app] [           main] com.zaxxer.hikari.pool.HikariPool        : HikariPool-1 - Added connection org.postgresql.jdbc.PgConnection@ef85567
2026-08-22T15:11:40.654+05:30  INFO 41603 --- [chat-app] [           main] com.zaxxer.hikari.HikariDataSource       : HikariPool-1 - Start completed.
2026-08-22T15:11:40.682+05:30  INFO 41603 --- [chat-app] [           main] org.hibernate.orm.connections.pooling    : HHH10001005: Database info:
	Database JDBC URL [jdbc:postgresql://localhost:5432/chat_app]
	Database driver: PostgreSQL JDBC Driver
	Database dialect: PostgreSQLDialect
	Database version: 17.11
	Default catalog/schema: chat_app/public
	Autocommit mode: undefined/unknown
	Isolation level: READ_COMMITTED [default READ_COMMITTED]
	JDBC fetch size: none
	Pool: DataSourceConnectionProvider
	Minimum pool size: undefined/unknown
	Maximum pool size: undefined/unknown
2026-08-22T15:11:40.979+05:30  INFO 41603 --- [chat-app] [           main] org.hibernate.orm.core                   : HHH000489: No JTA platform available (set 'hibernate.transaction.jta.platform' to enable JTA platform integration)
Hibernate: create table users (id bigint generated by default as identity, create_at timestamp(6) not null, email varchar(255) not null, name varchar(255) not null, password varchar(255) not null, primary key (id))
Hibernate: alter table if exists users drop constraint if exists UK6dotkott2kjsp8vw4d0m25fb7
2026-08-22T15:11:41.011+05:30  WARN 41603 --- [chat-app] [           main] org.hibernate.orm.jdbc.warn              : HHH000247: ErrorCode: 0, SQLState: 00000
2026-08-22T15:11:41.011+05:30  WARN 41603 --- [chat-app] [           main] org.hibernate.orm.jdbc.warn              : constraint "uk6dotkott2kjsp8vw4d0m25fb7" of relation "users" does not exist, skipping
Hibernate: alter table if exists users add constraint UK6dotkott2kjsp8vw4d0m25fb7 unique (email)
2026-08-22T15:11:41.014+05:30  INFO 41603 --- [chat-app] [           main] j.LocalContainerEntityManagerFactoryBean : Initialized JPA EntityManagerFactory for persistence unit 'default'
2026-08-22T15:11:41.043+05:30  INFO 41603 --- [chat-app] [           main] o.s.d.j.r.query.QueryEnhancerFactories   : Hibernate is in classpath; If applicable, HQL parser will be used.
2026-08-22T15:11:41.105+05:30  WARN 41603 --- [chat-app] [           main] JpaBaseConfiguration$JpaWebConfiguration : spring.jpa.open-in-view is enabled by default. Therefore, database queries may be performed during view rendering. Explicitly configure spring.jpa.open-in-view to disable this warning
2026-08-22T15:11:41.136+05:30  WARN 41603 --- [chat-app] [           main] .s.a.UserDetailsServiceAutoConfiguration : 

Using generated security password: 0bd45c4f-542e-4082-b51c-62fc7e19fe38

This generated password is for development use only. Your security configuration must be updated before running your application in production.

2026-08-22T15:11:41.138+05:30  INFO 41603 --- [chat-app] [           main] r$InitializeUserDetailsManagerConfigurer : Global AuthenticationManager configured with UserDetailsService bean with name inMemoryUserDetailsManager
2026-08-22T15:11:41.310+05:30  INFO 41603 --- [chat-app] [           main] o.s.b.a.e.web.EndpointLinksResolver      : Exposing 1 endpoint beneath base path '/actuator'
2026-08-22T15:11:41.336+05:30  INFO 41603 --- [chat-app] [           main] o.s.boot.tomcat.TomcatWebServer          : Tomcat started on port 8080 (http) with context path '/'
2026-08-22T15:11:41.339+05:30  INFO 41603 --- [chat-app] [           main] com.chatapp.ChatApplication              : Started ChatApplication in 1.597 seconds (process running for 1.711)
2026-08-22T15:12:07.964+05:30  INFO 41603 --- [chat-app] [nio-8080-exec-1] o.a.c.c.C.[Tomcat].[localhost].[/]       : Initializing Spring DispatcherServlet 'dispatcherServlet'
2026-08-22T15:12:07.964+05:30  INFO 41603 --- [chat-app] [nio-8080-exec-1] o.s.web.servlet.DispatcherServlet        : Initializing Servlet 'dispatcherServlet'
2026-08-22T15:12:07.965+05:30  INFO 41603 --- [chat-app] [nio-8080-exec-1] o.s.web.servlet.DispatcherServlet        : Completed initialization in 1 ms
Hibernate: select u1_0.id from users u1_0 where u1_0.email=? fetch first ? rows only
Hibernate: insert into users (create_at,email,name,password) values (?,?,?,?)
